A51 MACRO ASSEMBLER  8_BIT_ADDITION                                                       05/02/2021 15:55:44 PAGE     1


MACRO ASSEMBLER A51 V8.2.7.0
OBJECT MODULE PLACED IN .\Objects\8 bit Addition.obj
ASSEMBLER INVOKED BY: C:\Keil_v5\C51\BIN\A51.EXE 8 bit Addition.asm SET(SMALL) DEBUG PRINT(.\Listings\8 bit Addition.lst
                      ) OBJECT(.\Objects\8 bit Addition.obj) EP

LOC  OBJ            LINE     SOURCE

                       1     
                       2     
                       3     
                       4     
                       5     
0000                   6     ORG 0000H
0000 E550              7     MOV A,50H
0002 2552              8     ADD A,52H
0004 F554              9     MOV 54H,A
                      10     END
A51 MACRO ASSEMBLER  8_BIT_ADDITION                                                       05/02/2021 15:55:44 PAGE     2

SYMBOL TABLE LISTING
------ ----- -------


N A M E             T Y P E  V A L U E   ATTRIBUTES



REGISTER BANK(S) USED: 0 


ASSEMBLY COMPLETE.  0 WARNING(S), 0 ERROR(S)
